Archive member included to satisfy reference by file (symbol)

c:/source_code_files/freedomstudio/sifive/riscv64-unknown-elf-gcc-20171231-x86_64-w64-mingw32/bin/../lib/gcc/riscv64-unknown-elf/7.2.0/../../../../riscv64-unknown-elf/lib/rv32im/ilp32\libc.a(lib_a-atexit.o)
                              c:/source_code_files/freedomstudio/sifive/riscv64-unknown-elf-gcc-20171231-x86_64-w64-mingw32/bin/../lib/gcc/riscv64-unknown-elf/7.2.0/../../../../riscv64-unknown-elf/lib/rv32im/ilp32/crt0.o (atexit)
c:/source_code_files/freedomstudio/sifive/riscv64-unknown-elf-gcc-20171231-x86_64-w64-mingw32/bin/../lib/gcc/riscv64-unknown-elf/7.2.0/../../../../riscv64-unknown-elf/lib/rv32im/ilp32\libc.a(lib_a-exit.o)
                              c:/source_code_files/freedomstudio/sifive/riscv64-unknown-elf-gcc-20171231-x86_64-w64-mingw32/bin/../lib/gcc/riscv64-unknown-elf/7.2.0/../../../../riscv64-unknown-elf/lib/rv32im/ilp32/crt0.o (exit)
c:/source_code_files/freedomstudio/sifive/riscv64-unknown-elf-gcc-20171231-x86_64-w64-mingw32/bin/../lib/gcc/riscv64-unknown-elf/7.2.0/../../../../riscv64-unknown-elf/lib/rv32im/ilp32\libc.a(lib_a-fini.o)
                              c:/source_code_files/freedomstudio/sifive/riscv64-unknown-elf-gcc-20171231-x86_64-w64-mingw32/bin/../lib/gcc/riscv64-unknown-elf/7.2.0/../../../../riscv64-unknown-elf/lib/rv32im/ilp32/crt0.o (__libc_fini_array)
c:/source_code_files/freedomstudio/sifive/riscv64-unknown-elf-gcc-20171231-x86_64-w64-mingw32/bin/../lib/gcc/riscv64-unknown-elf/7.2.0/../../../../riscv64-unknown-elf/lib/rv32im/ilp32\libc.a(lib_a-impure.o)
                              c:/source_code_files/freedomstudio/sifive/riscv64-unknown-elf-gcc-20171231-x86_64-w64-mingw32/bin/../lib/gcc/riscv64-unknown-elf/7.2.0/../../../../riscv64-unknown-elf/lib/rv32im/ilp32\libc.a(lib_a-exit.o) (_global_impure_ptr)
c:/source_code_files/freedomstudio/sifive/riscv64-unknown-elf-gcc-20171231-x86_64-w64-mingw32/bin/../lib/gcc/riscv64-unknown-elf/7.2.0/../../../../riscv64-unknown-elf/lib/rv32im/ilp32\libc.a(lib_a-init.o)
                              c:/source_code_files/freedomstudio/sifive/riscv64-unknown-elf-gcc-20171231-x86_64-w64-mingw32/bin/../lib/gcc/riscv64-unknown-elf/7.2.0/../../../../riscv64-unknown-elf/lib/rv32im/ilp32/crt0.o (__libc_init_array)
c:/source_code_files/freedomstudio/sifive/riscv64-unknown-elf-gcc-20171231-x86_64-w64-mingw32/bin/../lib/gcc/riscv64-unknown-elf/7.2.0/../../../../riscv64-unknown-elf/lib/rv32im/ilp32\libc.a(lib_a-memset.o)
                              c:/source_code_files/freedomstudio/sifive/riscv64-unknown-elf-gcc-20171231-x86_64-w64-mingw32/bin/../lib/gcc/riscv64-unknown-elf/7.2.0/../../../../riscv64-unknown-elf/lib/rv32im/ilp32/crt0.o (memset)
c:/source_code_files/freedomstudio/sifive/riscv64-unknown-elf-gcc-20171231-x86_64-w64-mingw32/bin/../lib/gcc/riscv64-unknown-elf/7.2.0/../../../../riscv64-unknown-elf/lib/rv32im/ilp32\libc.a(lib_a-__atexit.o)
                              c:/source_code_files/freedomstudio/sifive/riscv64-unknown-elf-gcc-20171231-x86_64-w64-mingw32/bin/../lib/gcc/riscv64-unknown-elf/7.2.0/../../../../riscv64-unknown-elf/lib/rv32im/ilp32\libc.a(lib_a-atexit.o) (__register_exitproc)
c:/source_code_files/freedomstudio/sifive/riscv64-unknown-elf-gcc-20171231-x86_64-w64-mingw32/bin/../lib/gcc/riscv64-unknown-elf/7.2.0/../../../../riscv64-unknown-elf/lib/rv32im/ilp32\libc.a(lib_a-__call_atexit.o)
                              c:/source_code_files/freedomstudio/sifive/riscv64-unknown-elf-gcc-20171231-x86_64-w64-mingw32/bin/../lib/gcc/riscv64-unknown-elf/7.2.0/../../../../riscv64-unknown-elf/lib/rv32im/ilp32\libc.a(lib_a-exit.o) (__call_exitprocs)
c:/source_code_files/freedomstudio/sifive/riscv64-unknown-elf-gcc-20171231-x86_64-w64-mingw32/bin/../lib/gcc/riscv64-unknown-elf/7.2.0/../../../../riscv64-unknown-elf/lib/rv32im/ilp32\libgloss.a(sys_exit.o)
                              c:/source_code_files/freedomstudio/sifive/riscv64-unknown-elf-gcc-20171231-x86_64-w64-mingw32/bin/../lib/gcc/riscv64-unknown-elf/7.2.0/../../../../riscv64-unknown-elf/lib/rv32im/ilp32\libc.a(lib_a-exit.o) (_exit)
c:/source_code_files/freedomstudio/sifive/riscv64-unknown-elf-gcc-20171231-x86_64-w64-mingw32/bin/../lib/gcc/riscv64-unknown-elf/7.2.0/../../../../riscv64-unknown-elf/lib/rv32im/ilp32\libc.a(lib_a-errno.o)
                              c:/source_code_files/freedomstudio/sifive/riscv64-unknown-elf-gcc-20171231-x86_64-w64-mingw32/bin/../lib/gcc/riscv64-unknown-elf/7.2.0/../../../../riscv64-unknown-elf/lib/rv32im/ilp32\libgloss.a(sys_exit.o) (__errno)

Discarded input sections

 .data          0x0000000000000000        0x0 c:/source_code_files/freedomstudio/sifive/riscv64-unknown-elf-gcc-20171231-x86_64-w64-mingw32/bin/../lib/gcc/riscv64-unknown-elf/7.2.0/../../../../riscv64-unknown-elf/lib/rv32im/ilp32/crt0.o
 .bss           0x0000000000000000        0x0 c:/source_code_files/freedomstudio/sifive/riscv64-unknown-elf-gcc-20171231-x86_64-w64-mingw32/bin/../lib/gcc/riscv64-unknown-elf/7.2.0/../../../../riscv64-unknown-elf/lib/rv32im/ilp32/crt0.o
 .data          0x0000000000000000        0x0 c:/source_code_files/freedomstudio/sifive/riscv64-unknown-elf-gcc-20171231-x86_64-w64-mingw32/bin/../lib/gcc/riscv64-unknown-elf/7.2.0/rv32im/ilp32/crtbegin.o
 .sdata         0x0000000000000000        0x4 c:/source_code_files/freedomstudio/sifive/riscv64-unknown-elf-gcc-20171231-x86_64-w64-mingw32/bin/../lib/gcc/riscv64-unknown-elf/7.2.0/rv32im/ilp32/crtbegin.o
 .text          0x0000000000000000        0x0 ./src/main.o
 .data          0x0000000000000000        0x0 ./src/main.o
 .bss           0x0000000000000000        0x0 ./src/main.o
 .text          0x0000000000000000        0x0 ./include/system.o
 .data          0x0000000000000000        0x0 ./include/system.o
 .bss           0x0000000000000000        0x0 ./include/system.o
 .debug_line    0x0000000000000000        0x0 ./include/system.o
 .debug_str     0x0000000000000000      0x118 ./include/system.o
 .comment       0x0000000000000000       0x12 ./include/system.o
 .data          0x0000000000000000        0x0 c:/source_code_files/freedomstudio/sifive/riscv64-unknown-elf-gcc-20171231-x86_64-w64-mingw32/bin/../lib/gcc/riscv64-unknown-elf/7.2.0/../../../../riscv64-unknown-elf/lib/rv32im/ilp32\libc.a(lib_a-atexit.o)
 .bss           0x0000000000000000        0x0 c:/source_code_files/freedomstudio/sifive/riscv64-unknown-elf-gcc-20171231-x86_64-w64-mingw32/bin/../lib/gcc/riscv64-unknown-elf/7.2.0/../../../../riscv64-unknown-elf/lib/rv32im/ilp32\libc.a(lib_a-atexit.o)
 .data          0x0000000000000000        0x0 c:/source_code_files/freedomstudio/sifive/riscv64-unknown-elf-gcc-20171231-x86_64-w64-mingw32/bin/../lib/gcc/riscv64-unknown-elf/7.2.0/../../../../riscv64-unknown-elf/lib/rv32im/ilp32\libc.a(lib_a-exit.o)
 .bss           0x0000000000000000        0x0 c:/source_code_files/freedomstudio/sifive/riscv64-unknown-elf-gcc-20171231-x86_64-w64-mingw32/bin/../lib/gcc/riscv64-unknown-elf/7.2.0/../../../../riscv64-unknown-elf/lib/rv32im/ilp32\libc.a(lib_a-exit.o)
 .data          0x0000000000000000        0x0 c:/source_code_files/freedomstudio/sifive/riscv64-unknown-elf-gcc-20171231-x86_64-w64-mingw32/bin/../lib/gcc/riscv64-unknown-elf/7.2.0/../../../../riscv64-unknown-elf/lib/rv32im/ilp32\libc.a(lib_a-fini.o)
 .bss           0x0000000000000000        0x0 c:/source_code_files/freedomstudio/sifive/riscv64-unknown-elf-gcc-20171231-x86_64-w64-mingw32/bin/../lib/gcc/riscv64-unknown-elf/7.2.0/../../../../riscv64-unknown-elf/lib/rv32im/ilp32\libc.a(lib_a-fini.o)
 .text          0x0000000000000000        0x0 c:/source_code_files/freedomstudio/sifive/riscv64-unknown-elf-gcc-20171231-x86_64-w64-mingw32/bin/../lib/gcc/riscv64-unknown-elf/7.2.0/../../../../riscv64-unknown-elf/lib/rv32im/ilp32\libc.a(lib_a-impure.o)
 .bss           0x0000000000000000        0x0 c:/source_code_files/freedomstudio/sifive/riscv64-unknown-elf-gcc-20171231-x86_64-w64-mingw32/bin/../lib/gcc/riscv64-unknown-elf/7.2.0/../../../../riscv64-unknown-elf/lib/rv32im/ilp32\libc.a(lib_a-impure.o)
 .data          0x0000000000000000        0x0 c:/source_code_files/freedomstudio/sifive/riscv64-unknown-elf-gcc-20171231-x86_64-w64-mingw32/bin/../lib/gcc/riscv64-unknown-elf/7.2.0/../../../../riscv64-unknown-elf/lib/rv32im/ilp32\libc.a(lib_a-init.o)
 .bss           0x0000000000000000        0x0 c:/source_code_files/freedomstudio/sifive/riscv64-unknown-elf-gcc-20171231-x86_64-w64-mingw32/bin/../lib/gcc/riscv64-unknown-elf/7.2.0/../../../../riscv64-unknown-elf/lib/rv32im/ilp32\libc.a(lib_a-init.o)
 .data          0x0000000000000000        0x0 c:/source_code_files/freedomstudio/sifive/riscv64-unknown-elf-gcc-20171231-x86_64-w64-mingw32/bin/../lib/gcc/riscv64-unknown-elf/7.2.0/../../../../riscv64-unknown-elf/lib/rv32im/ilp32\libc.a(lib_a-memset.o)
 .bss           0x0000000000000000        0x0 c:/source_code_files/freedomstudio/sifive/riscv64-unknown-elf-gcc-20171231-x86_64-w64-mingw32/bin/../lib/gcc/riscv64-unknown-elf/7.2.0/../../../../riscv64-unknown-elf/lib/rv32im/ilp32\libc.a(lib_a-memset.o)
 .data          0x0000000000000000        0x0 c:/source_code_files/freedomstudio/sifive/riscv64-unknown-elf-gcc-20171231-x86_64-w64-mingw32/bin/../lib/gcc/riscv64-unknown-elf/7.2.0/../../../../riscv64-unknown-elf/lib/rv32im/ilp32\libc.a(lib_a-__atexit.o)
 .bss           0x0000000000000000        0x0 c:/source_code_files/freedomstudio/sifive/riscv64-unknown-elf-gcc-20171231-x86_64-w64-mingw32/bin/../lib/gcc/riscv64-unknown-elf/7.2.0/../../../../riscv64-unknown-elf/lib/rv32im/ilp32\libc.a(lib_a-__atexit.o)
 .data          0x0000000000000000        0x0 c:/source_code_files/freedomstudio/sifive/riscv64-unknown-elf-gcc-20171231-x86_64-w64-mingw32/bin/../lib/gcc/riscv64-unknown-elf/7.2.0/../../../../riscv64-unknown-elf/lib/rv32im/ilp32\libc.a(lib_a-__call_atexit.o)
 .bss           0x0000000000000000        0x0 c:/source_code_files/freedomstudio/sifive/riscv64-unknown-elf-gcc-20171231-x86_64-w64-mingw32/bin/../lib/gcc/riscv64-unknown-elf/7.2.0/../../../../riscv64-unknown-elf/lib/rv32im/ilp32\libc.a(lib_a-__call_atexit.o)
 .data          0x0000000000000000        0x0 c:/source_code_files/freedomstudio/sifive/riscv64-unknown-elf-gcc-20171231-x86_64-w64-mingw32/bin/../lib/gcc/riscv64-unknown-elf/7.2.0/../../../../riscv64-unknown-elf/lib/rv32im/ilp32\libgloss.a(sys_exit.o)
 .bss           0x0000000000000000        0x0 c:/source_code_files/freedomstudio/sifive/riscv64-unknown-elf-gcc-20171231-x86_64-w64-mingw32/bin/../lib/gcc/riscv64-unknown-elf/7.2.0/../../../../riscv64-unknown-elf/lib/rv32im/ilp32\libgloss.a(sys_exit.o)
 .data          0x0000000000000000        0x0 c:/source_code_files/freedomstudio/sifive/riscv64-unknown-elf-gcc-20171231-x86_64-w64-mingw32/bin/../lib/gcc/riscv64-unknown-elf/7.2.0/../../../../riscv64-unknown-elf/lib/rv32im/ilp32\libc.a(lib_a-errno.o)
 .bss           0x0000000000000000        0x0 c:/source_code_files/freedomstudio/sifive/riscv64-unknown-elf-gcc-20171231-x86_64-w64-mingw32/bin/../lib/gcc/riscv64-unknown-elf/7.2.0/../../../../riscv64-unknown-elf/lib/rv32im/ilp32\libc.a(lib_a-errno.o)
 .text          0x0000000000000000        0x0 c:/source_code_files/freedomstudio/sifive/riscv64-unknown-elf-gcc-20171231-x86_64-w64-mingw32/bin/../lib/gcc/riscv64-unknown-elf/7.2.0/rv32im/ilp32/crtend.o
 .data          0x0000000000000000        0x0 c:/source_code_files/freedomstudio/sifive/riscv64-unknown-elf-gcc-20171231-x86_64-w64-mingw32/bin/../lib/gcc/riscv64-unknown-elf/7.2.0/rv32im/ilp32/crtend.o
 .bss           0x0000000000000000        0x0 c:/source_code_files/freedomstudio/sifive/riscv64-unknown-elf-gcc-20171231-x86_64-w64-mingw32/bin/../lib/gcc/riscv64-unknown-elf/7.2.0/rv32im/ilp32/crtend.o

Memory Configuration

Name             Origin             Length             Attributes
*default*        0x0000000000000000 0xffffffffffffffff

Linker script and memory map

LOAD c:/source_code_files/freedomstudio/sifive/riscv64-unknown-elf-gcc-20171231-x86_64-w64-mingw32/bin/../lib/gcc/riscv64-unknown-elf/7.2.0/../../../../riscv64-unknown-elf/lib/rv32im/ilp32/crt0.o
LOAD c:/source_code_files/freedomstudio/sifive/riscv64-unknown-elf-gcc-20171231-x86_64-w64-mingw32/bin/../lib/gcc/riscv64-unknown-elf/7.2.0/rv32im/ilp32/crtbegin.o
LOAD ./src/main.o
LOAD ./include/system.o
LOAD c:/source_code_files/freedomstudio/sifive/riscv64-unknown-elf-gcc-20171231-x86_64-w64-mingw32/bin/../lib/gcc/riscv64-unknown-elf/7.2.0/rv32im/ilp32\libgcc.a
START GROUP
LOAD c:/source_code_files/freedomstudio/sifive/riscv64-unknown-elf-gcc-20171231-x86_64-w64-mingw32/bin/../lib/gcc/riscv64-unknown-elf/7.2.0/../../../../riscv64-unknown-elf/lib/rv32im/ilp32\libc.a
LOAD c:/source_code_files/freedomstudio/sifive/riscv64-unknown-elf-gcc-20171231-x86_64-w64-mingw32/bin/../lib/gcc/riscv64-unknown-elf/7.2.0/../../../../riscv64-unknown-elf/lib/rv32im/ilp32\libgloss.a
END GROUP
LOAD c:/source_code_files/freedomstudio/sifive/riscv64-unknown-elf-gcc-20171231-x86_64-w64-mingw32/bin/../lib/gcc/riscv64-unknown-elf/7.2.0/rv32im/ilp32\libgcc.a
LOAD c:/source_code_files/freedomstudio/sifive/riscv64-unknown-elf-gcc-20171231-x86_64-w64-mingw32/bin/../lib/gcc/riscv64-unknown-elf/7.2.0/rv32im/ilp32/crtend.o
                [!provide]                        PROVIDE (__executable_start, SEGMENT_START ("text-segment", 0x10000))
                0x0000000000010074                . = (SEGMENT_START ("text-segment", 0x10000) + SIZEOF_HEADERS)

.interp
 *(.interp)

.note.gnu.build-id
 *(.note.gnu.build-id)

.hash
 *(.hash)

.gnu.hash
 *(.gnu.hash)

.dynsym
 *(.dynsym)

.dynstr
 *(.dynstr)

.gnu.version
 *(.gnu.version)

.gnu.version_d
 *(.gnu.version_d)

.gnu.version_r
 *(.gnu.version_r)

.rela.dyn       0x0000000000010074        0x0
 *(.rela.init)
 *(.rela.text .rela.text.* .rela.gnu.linkonce.t.*)
 .rela.text     0x0000000000010074        0x0 c:/source_code_files/freedomstudio/sifive/riscv64-unknown-elf-gcc-20171231-x86_64-w64-mingw32/bin/../lib/gcc/riscv64-unknown-elf/7.2.0/../../../../riscv64-unknown-elf/lib/rv32im/ilp32/crt0.o
 *(.rela.fini)
 *(.rela.rodata .rela.rodata.* .rela.gnu.linkonce.r.*)
 *(.rela.data .rela.data.* .rela.gnu.linkonce.d.*)
 *(.rela.tdata .rela.tdata.* .rela.gnu.linkonce.td.*)
 *(.rela.tbss .rela.tbss.* .rela.gnu.linkonce.tb.*)
 *(.rela.ctors)
 *(.rela.dtors)
 *(.rela.got)
 *(.rela.sdata .rela.sdata.* .rela.gnu.linkonce.s.*)
 *(.rela.sbss .rela.sbss.* .rela.gnu.linkonce.sb.*)
 *(.rela.sdata2 .rela.sdata2.* .rela.gnu.linkonce.s2.*)
 *(.rela.sbss2 .rela.sbss2.* .rela.gnu.linkonce.sb2.*)
 *(.rela.bss .rela.bss.* .rela.gnu.linkonce.b.*)
                [!provide]                        PROVIDE (__rela_iplt_start, .)
 *(.rela.iplt)
                [!provide]                        PROVIDE (__rela_iplt_end, .)

.rela.plt
 *(.rela.plt)

.init
 *(SORT(.init))

.plt
 *(.plt)

.iplt
 *(.iplt)

.text           0x0000000000010074      0x5dc
 *(.text.unlikely .text.*_unlikely .text.unlikely.*)
 *(.text.exit .text.exit.*)
 *(.text.startup .text.startup.*)
 .text.startup.main
                0x0000000000010074       0x8e ./src/main.o
                0x0000000000010074                main
 *(.text.hot .text.hot.*)
 *(.text .stub .text.* .gnu.linkonce.t.*)
 *fill*         0x0000000000010102        0x2 
 .text          0x0000000000010104       0x44 c:/source_code_files/freedomstudio/sifive/riscv64-unknown-elf-gcc-20171231-x86_64-w64-mingw32/bin/../lib/gcc/riscv64-unknown-elf/7.2.0/../../../../riscv64-unknown-elf/lib/rv32im/ilp32/crt0.o
                0x0000000000010104                _start
                0x0000000000010144                _fini
                0x0000000000010144                _init
 .text          0x0000000000010148       0xe8 c:/source_code_files/freedomstudio/sifive/riscv64-unknown-elf-gcc-20171231-x86_64-w64-mingw32/bin/../lib/gcc/riscv64-unknown-elf/7.2.0/rv32im/ilp32/crtbegin.o
 .text          0x0000000000010230       0x14 c:/source_code_files/freedomstudio/sifive/riscv64-unknown-elf-gcc-20171231-x86_64-w64-mingw32/bin/../lib/gcc/riscv64-unknown-elf/7.2.0/../../../../riscv64-unknown-elf/lib/rv32im/ilp32\libc.a(lib_a-atexit.o)
                0x0000000000010230                atexit
 .text          0x0000000000010244       0x38 c:/source_code_files/freedomstudio/sifive/riscv64-unknown-elf-gcc-20171231-x86_64-w64-mingw32/bin/../lib/gcc/riscv64-unknown-elf/7.2.0/../../../../riscv64-unknown-elf/lib/rv32im/ilp32\libc.a(lib_a-exit.o)
                0x0000000000010244                exit
 .text          0x000000000001027c       0x74 c:/source_code_files/freedomstudio/sifive/riscv64-unknown-elf-gcc-20171231-x86_64-w64-mingw32/bin/../lib/gcc/riscv64-unknown-elf/7.2.0/../../../../riscv64-unknown-elf/lib/rv32im/ilp32\libc.a(lib_a-fini.o)
                0x000000000001027c                __libc_fini_array
 .text          0x00000000000102f0       0x98 c:/source_code_files/freedomstudio/sifive/riscv64-unknown-elf-gcc-20171231-x86_64-w64-mingw32/bin/../lib/gcc/riscv64-unknown-elf/7.2.0/../../../../riscv64-unknown-elf/lib/rv32im/ilp32\libc.a(lib_a-init.o)
                0x00000000000102f0                __libc_init_array
 .text          0x0000000000010388       0xdc c:/source_code_files/freedomstudio/sifive/riscv64-unknown-elf-gcc-20171231-x86_64-w64-mingw32/bin/../lib/gcc/riscv64-unknown-elf/7.2.0/../../../../riscv64-unknown-elf/lib/rv32im/ilp32\libc.a(lib_a-memset.o)
                0x0000000000010388                memset
 .text          0x0000000000010464       0x84 c:/source_code_files/freedomstudio/sifive/riscv64-unknown-elf-gcc-20171231-x86_64-w64-mingw32/bin/../lib/gcc/riscv64-unknown-elf/7.2.0/../../../../riscv64-unknown-elf/lib/rv32im/ilp32\libc.a(lib_a-__atexit.o)
                0x0000000000010464                __register_exitproc
 .text          0x00000000000104e8      0x114 c:/source_code_files/freedomstudio/sifive/riscv64-unknown-elf-gcc-20171231-x86_64-w64-mingw32/bin/../lib/gcc/riscv64-unknown-elf/7.2.0/../../../../riscv64-unknown-elf/lib/rv32im/ilp32\libc.a(lib_a-__call_atexit.o)
                0x00000000000104e8                __call_exitprocs
 .text          0x00000000000105fc       0x44 c:/source_code_files/freedomstudio/sifive/riscv64-unknown-elf-gcc-20171231-x86_64-w64-mingw32/bin/../lib/gcc/riscv64-unknown-elf/7.2.0/../../../../riscv64-unknown-elf/lib/rv32im/ilp32\libgloss.a(sys_exit.o)
                0x00000000000105fc                _exit
 .text          0x0000000000010640       0x10 c:/source_code_files/freedomstudio/sifive/riscv64-unknown-elf-gcc-20171231-x86_64-w64-mingw32/bin/../lib/gcc/riscv64-unknown-elf/7.2.0/../../../../riscv64-unknown-elf/lib/rv32im/ilp32\libc.a(lib_a-errno.o)
                0x0000000000010640                __errno
 *(.gnu.warning)

.fini
 *(SORT(.fini))
                [!provide]                        PROVIDE (__etext, .)
                [!provide]                        PROVIDE (_etext, .)
                [!provide]                        PROVIDE (etext, .)

.rodata
 *(.rodata .rodata.* .gnu.linkonce.r.*)

.rodata1
 *(.rodata1)

.sdata2
 *(.sdata2 .sdata2.* .gnu.linkonce.s2.*)

.sbss2
 *(.sbss2 .sbss2.* .gnu.linkonce.sb2.*)

.eh_frame_hdr
 *(.eh_frame_hdr)
 *(.eh_frame_entry .eh_frame_entry.*)

.eh_frame       0x0000000000010650        0x4
 *(.eh_frame)
 .eh_frame      0x0000000000010650        0x0 c:/source_code_files/freedomstudio/sifive/riscv64-unknown-elf-gcc-20171231-x86_64-w64-mingw32/bin/../lib/gcc/riscv64-unknown-elf/7.2.0/rv32im/ilp32/crtbegin.o
 .eh_frame      0x0000000000010650        0x4 c:/source_code_files/freedomstudio/sifive/riscv64-unknown-elf-gcc-20171231-x86_64-w64-mingw32/bin/../lib/gcc/riscv64-unknown-elf/7.2.0/rv32im/ilp32/crtend.o
 *(.eh_frame.*)

.gcc_except_table
 *(.gcc_except_table .gcc_except_table.*)

.gnu_extab
 *(.gnu_extab*)

.exception_ranges
 *(.exception_ranges .exception_ranges*)
                0x0000000000011654                . = DATA_SEGMENT_ALIGN (CONSTANT (MAXPAGESIZE), CONSTANT (COMMONPAGESIZE))

.eh_frame
 *(.eh_frame)
 *(.eh_frame.*)

.gnu_extab
 *(.gnu_extab)

.gcc_except_table
 *(.gcc_except_table .gcc_except_table.*)

.exception_ranges
 *(.exception_ranges .exception_ranges*)

.tdata
 *(.tdata .tdata.* .gnu.linkonce.td.*)

.tbss
 *(.tbss .tbss.* .gnu.linkonce.tb.*)
 *(.tcommon)

.preinit_array  0x0000000000011654        0x0
                0x0000000000011654                PROVIDE (__preinit_array_start, .)
 *(.preinit_array)
                0x0000000000011654                PROVIDE (__preinit_array_end, .)

.init_array     0x0000000000011654        0x4
                0x0000000000011654                PROVIDE (__init_array_start, .)
 *(SORT(.init_array.*) SORT(.ctors.*))
 *(.init_array EXCLUDE_FILE(*crtend?.o *crtend.o *crtbegin?.o *crtbegin.o) .ctors)
 .init_array    0x0000000000011654        0x4 c:/source_code_files/freedomstudio/sifive/riscv64-unknown-elf-gcc-20171231-x86_64-w64-mingw32/bin/../lib/gcc/riscv64-unknown-elf/7.2.0/rv32im/ilp32/crtbegin.o
                0x0000000000011658                PROVIDE (__init_array_end, .)

.fini_array     0x0000000000011658        0x4
                0x0000000000011658                PROVIDE (__fini_array_start, .)
 *(SORT(.fini_array.*) SORT(.dtors.*))
 *(.fini_array EXCLUDE_FILE(*crtend?.o *crtend.o *crtbegin?.o *crtbegin.o) .dtors)
 .fini_array    0x0000000000011658        0x4 c:/source_code_files/freedomstudio/sifive/riscv64-unknown-elf-gcc-20171231-x86_64-w64-mingw32/bin/../lib/gcc/riscv64-unknown-elf/7.2.0/rv32im/ilp32/crtbegin.o
                0x000000000001165c                PROVIDE (__fini_array_end, .)

.ctors
 *crtbegin.o(.ctors)
 *crtbegin?.o(.ctors)
 *(EXCLUDE_FILE(*crtend?.o *crtend.o) .ctors)
 *(SORT(.ctors.*))
 *(.ctors)

.dtors
 *crtbegin.o(.dtors)
 *crtbegin?.o(.dtors)
 *(EXCLUDE_FILE(*crtend?.o *crtend.o) .dtors)
 *(SORT(.dtors.*))
 *(.dtors)

.jcr
 *(.jcr)

.data.rel.ro
 *(.data.rel.ro.local* .gnu.linkonce.d.rel.ro.local.*)
 *(.data.rel.ro .data.rel.ro.* .gnu.linkonce.d.rel.ro.*)

.dynamic
 *(.dynamic)
                0x000000000001165c                . = DATA_SEGMENT_RELRO_END (., 0x0)

.data           0x0000000000011660      0x428
 *(.data .data.* .gnu.linkonce.d.*)
 .data          0x0000000000011660      0x428 c:/source_code_files/freedomstudio/sifive/riscv64-unknown-elf-gcc-20171231-x86_64-w64-mingw32/bin/../lib/gcc/riscv64-unknown-elf/7.2.0/../../../../riscv64-unknown-elf/lib/rv32im/ilp32\libc.a(lib_a-impure.o)

.tm_clone_table
                0x0000000000011a88        0x0
 .tm_clone_table
                0x0000000000011a88        0x0 c:/source_code_files/freedomstudio/sifive/riscv64-unknown-elf-gcc-20171231-x86_64-w64-mingw32/bin/../lib/gcc/riscv64-unknown-elf/7.2.0/rv32im/ilp32/crtbegin.o
 .tm_clone_table
                0x0000000000011a88        0x0 c:/source_code_files/freedomstudio/sifive/riscv64-unknown-elf-gcc-20171231-x86_64-w64-mingw32/bin/../lib/gcc/riscv64-unknown-elf/7.2.0/rv32im/ilp32/crtend.o

.data1
 *(.data1)

.got
 *(.got.plt)
 *(.igot.plt)
 *(.got)
 *(.igot)

.sdata          0x0000000000011a88        0x8
                0x0000000000012288                __global_pointer$ = (. + 0x800)
 *(.srodata.cst16)
 *(.srodata.cst8)
 *(.srodata.cst4)
 *(.srodata.cst2)
 *(.srodata .srodata.*)
 *(.sdata .sdata.* .gnu.linkonce.s.*)
 .sdata         0x0000000000011a88        0x8 c:/source_code_files/freedomstudio/sifive/riscv64-unknown-elf-gcc-20171231-x86_64-w64-mingw32/bin/../lib/gcc/riscv64-unknown-elf/7.2.0/../../../../riscv64-unknown-elf/lib/rv32im/ilp32\libc.a(lib_a-impure.o)
                0x0000000000011a88                _global_impure_ptr
                0x0000000000011a8c                _impure_ptr
                0x0000000000011a90                _edata = .
                [!provide]                        PROVIDE (edata, .)
                0x0000000000011a90                . = .
                0x0000000000011a90                __bss_start = .

.sbss
 *(.dynsbss)
 *(.sbss .sbss.* .gnu.linkonce.sb.*)
 *(.scommon)

.bss            0x0000000000011a90       0x1c
 *(.dynbss)
 *(.bss .bss.* .gnu.linkonce.b.*)
 .bss           0x0000000000011a90       0x1c c:/source_code_files/freedomstudio/sifive/riscv64-unknown-elf-gcc-20171231-x86_64-w64-mingw32/bin/../lib/gcc/riscv64-unknown-elf/7.2.0/rv32im/ilp32/crtbegin.o
 *(COMMON)
                0x0000000000011aac                . = ALIGN ((. != 0x0)?0x4:0x1)
                0x0000000000011aac                . = ALIGN (0x4)
                0x0000000000011aac                . = SEGMENT_START ("ldata-segment", .)
                0x0000000000011aac                . = ALIGN (0x4)
                0x0000000000011aac                _end = .
                [!provide]                        PROVIDE (end, .)
                0x0000000000011aac                . = DATA_SEGMENT_END (.)

.stab
 *(.stab)

.stabstr
 *(.stabstr)

.stab.excl
 *(.stab.excl)

.stab.exclstr
 *(.stab.exclstr)

.stab.index
 *(.stab.index)

.stab.indexstr
 *(.stab.indexstr)

.comment        0x0000000000000000       0x11
 *(.comment)
 .comment       0x0000000000000000       0x11 c:/source_code_files/freedomstudio/sifive/riscv64-unknown-elf-gcc-20171231-x86_64-w64-mingw32/bin/../lib/gcc/riscv64-unknown-elf/7.2.0/rv32im/ilp32/crtbegin.o
                                         0x12 (size before relaxing)
 .comment       0x0000000000000011       0x12 ./src/main.o
 .comment       0x0000000000000011       0x12 c:/source_code_files/freedomstudio/sifive/riscv64-unknown-elf-gcc-20171231-x86_64-w64-mingw32/bin/../lib/gcc/riscv64-unknown-elf/7.2.0/../../../../riscv64-unknown-elf/lib/rv32im/ilp32\libc.a(lib_a-atexit.o)
 .comment       0x0000000000000011       0x12 c:/source_code_files/freedomstudio/sifive/riscv64-unknown-elf-gcc-20171231-x86_64-w64-mingw32/bin/../lib/gcc/riscv64-unknown-elf/7.2.0/../../../../riscv64-unknown-elf/lib/rv32im/ilp32\libc.a(lib_a-exit.o)
 .comment       0x0000000000000011       0x12 c:/source_code_files/freedomstudio/sifive/riscv64-unknown-elf-gcc-20171231-x86_64-w64-mingw32/bin/../lib/gcc/riscv64-unknown-elf/7.2.0/../../../../riscv64-unknown-elf/lib/rv32im/ilp32\libc.a(lib_a-fini.o)
 .comment       0x0000000000000011       0x12 c:/source_code_files/freedomstudio/sifive/riscv64-unknown-elf-gcc-20171231-x86_64-w64-mingw32/bin/../lib/gcc/riscv64-unknown-elf/7.2.0/../../../../riscv64-unknown-elf/lib/rv32im/ilp32\libc.a(lib_a-impure.o)
 .comment       0x0000000000000011       0x12 c:/source_code_files/freedomstudio/sifive/riscv64-unknown-elf-gcc-20171231-x86_64-w64-mingw32/bin/../lib/gcc/riscv64-unknown-elf/7.2.0/../../../../riscv64-unknown-elf/lib/rv32im/ilp32\libc.a(lib_a-init.o)
 .comment       0x0000000000000011       0x12 c:/source_code_files/freedomstudio/sifive/riscv64-unknown-elf-gcc-20171231-x86_64-w64-mingw32/bin/../lib/gcc/riscv64-unknown-elf/7.2.0/../../../../riscv64-unknown-elf/lib/rv32im/ilp32\libc.a(lib_a-__atexit.o)
 .comment       0x0000000000000011       0x12 c:/source_code_files/freedomstudio/sifive/riscv64-unknown-elf-gcc-20171231-x86_64-w64-mingw32/bin/../lib/gcc/riscv64-unknown-elf/7.2.0/../../../../riscv64-unknown-elf/lib/rv32im/ilp32\libc.a(lib_a-__call_atexit.o)
 .comment       0x0000000000000011       0x12 c:/source_code_files/freedomstudio/sifive/riscv64-unknown-elf-gcc-20171231-x86_64-w64-mingw32/bin/../lib/gcc/riscv64-unknown-elf/7.2.0/../../../../riscv64-unknown-elf/lib/rv32im/ilp32\libgloss.a(sys_exit.o)
 .comment       0x0000000000000011       0x12 c:/source_code_files/freedomstudio/sifive/riscv64-unknown-elf-gcc-20171231-x86_64-w64-mingw32/bin/../lib/gcc/riscv64-unknown-elf/7.2.0/../../../../riscv64-unknown-elf/lib/rv32im/ilp32\libc.a(lib_a-errno.o)
 .comment       0x0000000000000011       0x12 c:/source_code_files/freedomstudio/sifive/riscv64-unknown-elf-gcc-20171231-x86_64-w64-mingw32/bin/../lib/gcc/riscv64-unknown-elf/7.2.0/rv32im/ilp32/crtend.o

.debug
 *(.debug)

.line
 *(.line)

.debug_srcinfo
 *(.debug_srcinfo)

.debug_sfnames
 *(.debug_sfnames)

.debug_aranges  0x0000000000000000       0x20
 *(.debug_aranges)
 .debug_aranges
                0x0000000000000000       0x20 ./src/main.o

.debug_pubnames
 *(.debug_pubnames)

.debug_info     0x0000000000000000      0x123
 *(.debug_info .gnu.linkonce.wi.*)
 .debug_info    0x0000000000000000      0x123 ./src/main.o

.debug_abbrev   0x0000000000000000       0x65
 *(.debug_abbrev)
 .debug_abbrev  0x0000000000000000       0x65 ./src/main.o

.debug_line     0x0000000000000000       0xc2
 *(.debug_line .debug_line.* .debug_line_end)
 .debug_line    0x0000000000000000       0xc2 ./src/main.o

.debug_frame    0x0000000000000000       0x20
 *(.debug_frame)
 .debug_frame   0x0000000000000000       0x20 ./src/main.o

.debug_str      0x0000000000000000      0x124
 *(.debug_str)
 .debug_str     0x0000000000000000      0x124 ./src/main.o

.debug_loc      0x0000000000000000      0x2bd
 *(.debug_loc)
 .debug_loc     0x0000000000000000      0x2bd ./src/main.o

.debug_macinfo
 *(.debug_macinfo)

.debug_weaknames
 *(.debug_weaknames)

.debug_funcnames
 *(.debug_funcnames)

.debug_typenames
 *(.debug_typenames)

.debug_varnames
 *(.debug_varnames)

.debug_pubtypes
 *(.debug_pubtypes)

.debug_ranges   0x0000000000000000      0x108
 *(.debug_ranges)
 .debug_ranges  0x0000000000000000      0x108 ./src/main.o

.debug_macro
 *(.debug_macro)

.debug_addr
 *(.debug_addr)

.gnu.attributes
 *(.gnu.attributes)

/DISCARD/
 *(.note.GNU-stack)
 *(.gnu_debuglink)
 *(.gnu.lto_*)
OUTPUT(blinky16.elf elf32-littleriscv)
